GAMS 46.2.0  ac4adda6 Mar 5, 2024           WEX-WEI x86 64bit/MS Windows - 04/02/25 14:05:47 Page 1
G e n e r a l   A l g e b r a i c   M o d e l i n g   S y s t e m
C o m p i l a t i o n


   1  Set t /t1*t3/;
   2   
   3  Parameter
   4  callProb(t)                 /t1 0.2, t2 0.2, t3 0.2/
   5   
   6  ;
   7   
   8   
   9  Positive Variable
  10  q(t)
  11  ;
  12   
  13  Variable
  14  Profit
  15  w(t)
  16  save(t)
  17  ;
  18   
  19  Equation
  20  uplimit
  21   
  22  profiteq
  23  test
  24  saveeq
  25  ;
  26   
  27  uplimit(t)..        q(t) =l= 100;
  28  test(t)..           w(t) =e= callProb(t) - callProb(t-1)* (1-(1/((q(t-1)*100000)+1)));
  29  saveeq(t)..            save(t) =e= 1-(1-(1/((q(t)*100000)+1)));
  30   
  31  profiteq..           Profit =e= sum(t,q(t) * w(t));
  32   
  33   
  34  Model asdf /all/;
  35  Solve asdf maximizing Profit using NLP;
  36   
  37  display w.l;
  38   
  39  execute 'gdxxrw.exe test.gdx o=test.xlsx var=w.l log=log_test.txt'
  40  Execute_unload 'test.gdx', w;


COMPILATION TIME     =        0.000 SECONDS      3 MB  46.2.0 ac4adda6 WEX-WEI
GAMS 46.2.0  ac4adda6 Mar 5, 2024           WEX-WEI x86 64bit/MS Windows - 04/02/25 14:05:47 Page 2
G e n e r a l   A l g e b r a i c   M o d e l i n g   S y s t e m
Equation Listing    SOLVE asdf Using NLP From line 35


---- uplimit  =L=  

uplimit(t1)..  q(t1) =L= 100 ; (LHS = 0)
     
uplimit(t2)..  q(t2) =L= 100 ; (LHS = 0)
     
uplimit(t3)..  q(t3) =L= 100 ; (LHS = 0)
     

---- profiteq  =E=  

profiteq..  (0)*q(t1) + (0)*q(t2) + (0)*q(t3) + Profit + (0)*w(t1) + (0)*w(t2) + (0)*w(t3) =E= 0 ; (LHS = 0)
     

---- test  =E=  

test(t1)..  w(t1) =E= 0.2 ; (LHS = 0, INFES = 0.2 ****)
     
test(t2)..  (20000)*q(t1) + w(t2) =E= 0 ; (LHS = -0.2, INFES = 0.2 ****)
     
test(t3)..  (20000)*q(t2) + w(t3) =E= 0 ; (LHS = -0.2, INFES = 0.2 ****)
     

---- saveeq  =E=  

saveeq(t1)..  (100000)*q(t1) + save(t1) =E= 0 ; (LHS = -1, INFES = 1 ****)
     
saveeq(t2)..  (100000)*q(t2) + save(t2) =E= 0 ; (LHS = -1, INFES = 1 ****)
     
saveeq(t3)..  (100000)*q(t3) + save(t3) =E= 0 ; (LHS = -1, INFES = 1 ****)
     
GAMS 46.2.0  ac4adda6 Mar 5, 2024           WEX-WEI x86 64bit/MS Windows - 04/02/25 14:05:47 Page 3
G e n e r a l   A l g e b r a i c   M o d e l i n g   S y s t e m
Column Listing      SOLVE asdf Using NLP From line 35


---- q  

q(t1)
                (.LO, .L, .UP, .M = 0, 0, +INF, 0)
        1       uplimit(t1)
       (0)      profiteq
   (20000)      test(t2)
  (100000)      saveeq(t1)

q(t2)
                (.LO, .L, .UP, .M = 0, 0, +INF, 0)
        1       uplimit(t2)
       (0)      profiteq
   (20000)      test(t3)
  (100000)      saveeq(t2)

q(t3)
                (.LO, .L, .UP, .M = 0, 0, +INF, 0)
        1       uplimit(t3)
       (0)      profiteq
  (100000)      saveeq(t3)


---- Profit  

Profit
                (.LO, .L, .UP, .M = -INF, 0, +INF, 0)
        1       profiteq


---- w  

w(t1)
                (.LO, .L, .UP, .M = -INF, 0, +INF, 0)
       (0)      profiteq
        1       test(t1)

w(t2)
                (.LO, .L, .UP, .M = -INF, 0, +INF, 0)
       (0)      profiteq
        1       test(t2)

w(t3)
                (.LO, .L, .UP, .M = -INF, 0, +INF, 0)
       (0)      profiteq
        1       test(t3)


---- save  

save(t1)
                (.LO, .L, .UP, .M = -INF, 0, +INF, 0)
        1       saveeq(t1)

save(t2)
                (.LO, .L, .UP, .M = -INF, 0, +INF, 0)
        1       saveeq(t2)

save(t3)
                (.LO, .L, .UP, .M = -INF, 0, +INF, 0)
        1       saveeq(t3)

GAMS 46.2.0  ac4adda6 Mar 5, 2024           WEX-WEI x86 64bit/MS Windows - 04/02/25 14:05:47 Page 4
G e n e r a l   A l g e b r a i c   M o d e l i n g   S y s t e m
Range Statistics    SOLVE asdf Using NLP From line 35


RANGE STATISTICS (ABSOLUTE NON-ZERO FINITE VALUES)

RHS       [min, max] : [ 2.000E-01, 1.000E+02] - Zero values observed as well
Bound     [min, max] : [        NA,        NA] - Zero values observed as well
Matrix    [min, max] : [ 1.000E+00, 1.000E+05] - Zero values observed as well

GAMS 46.2.0  ac4adda6 Mar 5, 2024           WEX-WEI x86 64bit/MS Windows - 04/02/25 14:05:47 Page 5
G e n e r a l   A l g e b r a i c   M o d e l i n g   S y s t e m
Model Statistics    SOLVE asdf Using NLP From line 35


MODEL STATISTICS

BLOCKS OF EQUATIONS           4     SINGLE EQUATIONS           10
BLOCKS OF VARIABLES           4     SINGLE VARIABLES           10
NON ZERO ELEMENTS            21     NON LINEAR N-Z             11
CODE LENGTH                  54     CONSTANT POOL              18


GENERATION TIME      =        0.016 SECONDS      4 MB  46.2.0 ac4adda6 WEX-WEI
GAMS 46.2.0  ac4adda6 Mar 5, 2024           WEX-WEI x86 64bit/MS Windows - 04/02/25 14:05:47 Page 6
G e n e r a l   A l g e b r a i c   M o d e l i n g   S y s t e m
Solution Report     SOLVE asdf Using NLP From line 35


               S O L V E      S U M M A R Y

     MODEL   asdf                OBJECTIVE  Profit
     TYPE    NLP                 DIRECTION  MAXIMIZE
     SOLVER  CONOPT              FROM LINE  35

**** SOLVER STATUS     1 Normal Completion
**** MODEL STATUS      2 Locally Optimal
**** OBJECTIVE VALUE               20.0000

 RESOURCE USAGE, LIMIT          0.031 10000000000.000
 ITERATION COUNT, LIMIT         2    2147483647
 EVALUATION ERRORS              0             0
 
 
    C O N O P T   version 4.33
    Copyright (C) ARKI Consulting and Development A/S
                  Bagsvaerdvej 246 A
                  DK-2880 Bagsvaerd, Denmark
 
    Will use up to 16 threads.
 
 
    The user model has 10 constraints and 10 variables
    with 21 Jacobian elements, 11 of which are nonlinear.
    The Hessian of the Lagrangian has 3 elements on the diagonal,
    3 elements below the diagonal, and 6 nonlinear variables.
 
    The pre-triangular part of the model has 4 constraints and 2 variables.
    The post-triangular part of the model has 6 constraints and variables.
 
    Preprocessed model has no constraints and 2 variables.
 
 ** Optimal solution. Reduced gradient less than tolerance.
 
 
 CONOPT time Total                            0.001 seconds
   of which: Function evaluations             0.000 =  0.0%
             1st Derivative evaluations       0.000 =  0.0%
             2nd Derivative evaluations       0.000 =  0.0%
             Directional 2nd Deriv(Hess)      0.000 =  0.0%
             Interval derivative evals        0.000 =  0.0%
 

---- EQU uplimit  

          LOWER          LEVEL          UPPER         MARGINAL

t1        -INF             .           100.0000          .          
t2        -INF          100.0000       100.0000         0.2000      
t3        -INF          100.0000       100.0000         EPS         

                           LOWER          LEVEL          UPPER         MARGINAL

---- EQU profiteq            .              .              .             1.0000      

---- EQU test  

          LOWER          LEVEL          UPPER         MARGINAL

t1         0.2000         0.2000         0.2000         EPS         
t2          .              .              .           100.0000      
t3          .              .              .           100.0000      

---- EQU saveeq  

          LOWER          LEVEL          UPPER         MARGINAL

t1          .              .              .             EPS         
t2          .              .              .             EPS         
t3          .              .              .             EPS         

---- VAR q  

          LOWER          LEVEL          UPPER         MARGINAL

t1          .              .            +INF      -2.000000E+6      
t2          .           100.0000        +INF             .          
t3          .           100.0000        +INF             .          

                           LOWER          LEVEL          UPPER         MARGINAL

---- VAR Profit            -INF           20.0000        +INF             .          

---- VAR w  

          LOWER          LEVEL          UPPER         MARGINAL

t1        -INF            0.2000        +INF             .          
t2        -INF            0.2000        +INF             .          
t3        -INF      1.9999998E-8        +INF             .          

---- VAR save  

          LOWER          LEVEL          UPPER         MARGINAL

t1        -INF            1.0000        +INF             .          
t2        -INF      9.9999990E-8        +INF             .          
t3        -INF      9.9999990E-8        +INF             .          


**** REPORT SUMMARY :        0     NONOPT
                             0 INFEASIBLE
                             0  UNBOUNDED
                             0     ERRORS
GAMS 46.2.0  ac4adda6 Mar 5, 2024           WEX-WEI x86 64bit/MS Windows - 04/02/25 14:05:47 Page 7
G e n e r a l   A l g e b r a i c   M o d e l i n g   S y s t e m
E x e c u t i o n


----     37 VARIABLE w.L  

t1       0.200,    t2       0.200,    t3 2.000000E-8



EXECUTION TIME       =        1.391 SECONDS      4 MB  46.2.0 ac4adda6 WEX-WEI


USER: Course License                                 S241105|0002AO-GEN
      Dresden University of Technology                          DCE3851
      License for teaching and research at degree granting institutions


**** FILE SUMMARY

Input      C:\Users\sebas\Documents\CloudDrive\Uni\WS24\Research Project\gams\testBinFunction.gms
Output     C:\Users\sebas\Documents\CloudDrive\Uni\WS24\Research Project\gams\testBinFunction.lst
